{
  "classes" : [

  ],
  "functions" : [
    {
      "abiName" : "bjs_checkString",
      "effects" : {
        "isAsync" : false,
        "isThrows" : false
      },
      "name" : "checkString",
      "parameters" : [

      ],
      "returnType" : {
        "string" : {

        }
      }
    }
  ]
}