<EXPR>:0: error: CounterTests.testThrowFailure : threw error "TestError()"
[1m[97m[101m FAILED [0m CounterTests
  [91mâœ˜[0m testThrowFailure [90m(0.002s)[0m
[1m[97m[101m FAILED [0m /.xctest
[1m[97m[101m FAILED [0m All tests

Test Suites: [31m1 failed[0m, [0m1 total
Tests:       [31m1 failed[0m, [0m1 total
[90mRan all test suites.[0m

[31mFailed test cases:[0m
  [91mâœ˜[0m CounterTests.testThrowFailure

[33mSome tests failed. Use --verbose for raw test output.[0m
